#-----------------------------------------------------------
# Vivado v2024.2 (64-bit)
# SW Build 5239630 on Fri Nov 08 22:35:27 MST 2024
# IP Build 5239520 on Sun Nov 10 16:12:51 MST 2024
# SharedData Build 5239561 on Fri Nov 08 14:39:27 MST 2024
# Start of session at: Sun Apr 27 11:54:28 2025
# Process ID         : 7756
# Current directory  : C:/Users/11248/Desktop/FPGA/wyj_test_3-4/wyj_test_3-4.runs/wyj_test_3_4_util_vector_logic_0_0_synth_1
# Command line       : vivado.exe -log wyj_test_3_4_util_vector_logic_0_0.vds -product Vivado -mode batch -messageDb vivado.pb -notrace -source wyj_test_3_4_util_vector_logic_0_0.tcl
# Log file           : C:/Users/11248/Desktop/FPGA/wyj_test_3-4/wyj_test_3-4.runs/wyj_test_3_4_util_vector_logic_0_0_synth_1/wyj_test_3_4_util_vector_logic_0_0.vds
# Journal file       : C:/Users/11248/Desktop/FPGA/wyj_test_3-4/wyj_test_3-4.runs/wyj_test_3_4_util_vector_logic_0_0_synth_1\vivado.jou
# Running On         : DESKTOP-LEIGION
# Platform           : Windows Server 2016 or Windows 10
# Operating System   : 22631
# Processor Detail   : 12th Gen Intel(R) Core(TM) i7-12700H
# CPU Frequency      : 2688 MHz
# CPU Physical cores : 14
# CPU Logical cores  : 20
# Host memory        : 16962 MB
# Swap memory        : 3489 MB
# Total Virtual      : 20451 MB
# Available Virtual  : 7715 MB
#-----------------------------------------------------------
source wyj_test_3_4_util_vector_logic_0_0.tcl -notrace
